// Vitest Snapshot v1, https://vitest.dev/guide/snapshot.html

exports[`tasksStore > should add a task 1`] = `
[
  {
    "description": "",
    "id": 0,
    "title": "Do the dishes",
  },
  {
    "description": "Clean the dishes",
    "id": 2293,
    "title": "Do the dishes",
  },
]
`;

exports[`tasksStore > should ensure default state 1`] = `
{
  "$dispose": [Function],
  "$id": "tasks",
  "$onAction": [Function],
  "$patch": [Function],
  "$reset": [Function],
  "$subscribe": [Function],
  "_customProperties": Set {},
  "_hmrPayload": {
    "actions": {
      "addTask": [Function],
    },
    "getters": {},
    "hotState": RefImpl {
      "__v_isRef": true,
      "__v_isShallow": false,
      "_rawValue": {},
      "_value": {},
      "dep": undefined,
    },
    "state": [
      "todo",
      "doing",
      "done",
    ],
  },
  "_hotUpdate": [Function],
  "_p": {
    "_a": null,
    "_e": EffectScope {
      "_active": true,
      "cleanups": [],
      "detached": true,
      "effects": [],
      "parent": undefined,
      "scopes": [
        EffectScope {
          "_active": true,
          "cleanups": [],
          "detached": false,
          "effects": [],
          "index": 0,
          "parent": [Circular],
        },
      ],
    },
    "_p": [],
    "_s": Map {
      "tasks" => [Circular],
    },
    "install": [Function],
    "state": RefImpl {
      "__v_isRef": true,
      "__v_isShallow": false,
      "_rawValue": {
        "tasks": {
          "doing": [],
          "done": [],
          "todo": [
            {
              "description": "",
              "id": 0,
              "title": "Do the dishes",
            },
          ],
        },
      },
      "_value": {
        "tasks": {
          "doing": [],
          "done": [],
          "todo": [
            {
              "description": "",
              "id": 0,
              "title": "Do the dishes",
            },
          ],
        },
      },
      "dep": undefined,
    },
    "use": [Function],
  },
  "addTask": [Function],
  "doing": [],
  "done": [],
  "todo": [
    {
      "description": "",
      "id": 0,
      "title": "Do the dishes",
    },
  ],
}
`;
